C:/Users/cncai/Desktop/EMSE/AMD/stm/ramp_generation/Core/Src/main.c:20:6:HAL_TIM_PeriodElapsedCallback	24	static
C:/Users/cncai/Desktop/EMSE/AMD/stm/ramp_generation/Core/Src/main.c:33:5:main	8	static
C:/Users/cncai/Desktop/EMSE/AMD/stm/ramp_generation/Core/Src/main.c:53:6:SystemClock_Config	72	static
C:/Users/cncai/Desktop/EMSE/AMD/stm/ramp_generation/Core/Src/main.c:74:13:MX_GPIO_Init	32	static
C:/Users/cncai/Desktop/EMSE/AMD/stm/ramp_generation/Core/Src/main.c:86:13:MX_DAC1_Init	24	static
C:/Users/cncai/Desktop/EMSE/AMD/stm/ramp_generation/Core/Src/main.c:104:13:MX_TIM6_Init	16	static
C:/Users/cncai/Desktop/EMSE/AMD/stm/ramp_generation/Core/Src/main.c:121:6:Error_Handler	4	static,ignoring_inline_asm
