C:/Users/cncai/Desktop/EMSE/AMD/stm/ramp_generation/Core/Src/main.c:20:6:HAL_TIM_PeriodElapsedCallback	4
C:/Users/cncai/Desktop/EMSE/AMD/stm/ramp_generation/Core/Src/main.c:33:5:main	1
C:/Users/cncai/Desktop/EMSE/AMD/stm/ramp_generation/Core/Src/main.c:53:6:SystemClock_Config	1
C:/Users/cncai/Desktop/EMSE/AMD/stm/ramp_generation/Core/Src/main.c:74:13:MX_GPIO_Init	1
C:/Users/cncai/Desktop/EMSE/AMD/stm/ramp_generation/Core/Src/main.c:86:13:MX_DAC1_Init	1
C:/Users/cncai/Desktop/EMSE/AMD/stm/ramp_generation/Core/Src/main.c:104:13:MX_TIM6_Init	1
C:/Users/cncai/Desktop/EMSE/AMD/stm/ramp_generation/Core/Src/main.c:121:6:Error_Handler	1
