Archive member included to satisfy reference by file (symbol)

C:/ST/STM32CubeIDE_1.19.0/STM32CubeIDE/plugins/com.st.stm32cube.ide.mcu.externaltools.gnu-tools-for-stm32.13.3.rel1.win32_1.0.0.202411081344/tools/bin/../lib/gcc/arm-none-eabi/13.3.1/../../../../arm-none-eabi/lib/thumb/v7e-m+fp/hard\libc_nano.a(libc_a-exit.o)
                              C:/ST/STM32CubeIDE_1.19.0/STM32CubeIDE/plugins/com.st.stm32cube.ide.mcu.externaltools.gnu-tools-for-stm32.13.3.rel1.win32_1.0.0.202411081344/tools/bin/../lib/gcc/arm-none-eabi/13.3.1/../../../../arm-none-eabi/lib/thumb/v7e-m+fp/hard/crt0.o (exit)
C:/ST/STM32CubeIDE_1.19.0/STM32CubeIDE/plugins/com.st.stm32cube.ide.mcu.externaltools.gnu-tools-for-stm32.13.3.rel1.win32_1.0.0.202411081344/tools/bin/../lib/gcc/arm-none-eabi/13.3.1/../../../../arm-none-eabi/lib/thumb/v7e-m+fp/hard\libc_nano.a(libc_a-findfp.o)
                              C:/ST/STM32CubeIDE_1.19.0/STM32CubeIDE/plugins/com.st.stm32cube.ide.mcu.externaltools.gnu-tools-for-stm32.13.3.rel1.win32_1.0.0.202411081344/tools/bin/../lib/gcc/arm-none-eabi/13.3.1/../../../../arm-none-eabi/lib/thumb/v7e-m+fp/hard\libc_nano.a(libc_a-exit.o) (__stdio_exit_handler)
C:/ST/STM32CubeIDE_1.19.0/STM32CubeIDE/plugins/com.st.stm32cube.ide.mcu.externaltools.gnu-tools-for-stm32.13.3.rel1.win32_1.0.0.202411081344/tools/bin/../lib/gcc/arm-none-eabi/13.3.1/../../../../arm-none-eabi/lib/thumb/v7e-m+fp/hard\libc_nano.a(libc_a-fwalk.o)
                              C:/ST/STM32CubeIDE_1.19.0/STM32CubeIDE/plugins/com.st.stm32cube.ide.mcu.externaltools.gnu-tools-for-stm32.13.3.rel1.win32_1.0.0.202411081344/tools/bin/../lib/gcc/arm-none-eabi/13.3.1/../../../../arm-none-eabi/lib/thumb/v7e-m+fp/hard\libc_nano.a(libc_a-findfp.o) (_fwalk_sglue)
C:/ST/STM32CubeIDE_1.19.0/STM32CubeIDE/plugins/com.st.stm32cube.ide.mcu.externaltools.gnu-tools-for-stm32.13.3.rel1.win32_1.0.0.202411081344/tools/bin/../lib/gcc/arm-none-eabi/13.3.1/../../../../arm-none-eabi/lib/thumb/v7e-m+fp/hard\libc_nano.a(libc_a-stdio.o)
                              C:/ST/STM32CubeIDE_1.19.0/STM32CubeIDE/plugins/com.st.stm32cube.ide.mcu.externaltools.gnu-tools-for-stm32.13.3.rel1.win32_1.0.0.202411081344/tools/bin/../lib/gcc/arm-none-eabi/13.3.1/../../../../arm-none-eabi/lib/thumb/v7e-m+fp/hard\libc_nano.a(libc_a-findfp.o) (__sread)
C:/ST/STM32CubeIDE_1.19.0/STM32CubeIDE/plugins/com.st.stm32cube.ide.mcu.externaltools.gnu-tools-for-stm32.13.3.rel1.win32_1.0.0.202411081344/tools/bin/../lib/gcc/arm-none-eabi/13.3.1/../../../../arm-none-eabi/lib/thumb/v7e-m+fp/hard\libc_nano.a(libc_a-memset.o)
                              C:/ST/STM32CubeIDE_1.19.0/STM32CubeIDE/plugins/com.st.stm32cube.ide.mcu.externaltools.gnu-tools-for-stm32.13.3.rel1.win32_1.0.0.202411081344/tools/bin/../lib/gcc/arm-none-eabi/13.3.1/../../../../arm-none-eabi/lib/thumb/v7e-m+fp/hard/crt0.o (memset)
C:/ST/STM32CubeIDE_1.19.0/STM32CubeIDE/plugins/com.st.stm32cube.ide.mcu.externaltools.gnu-tools-for-stm32.13.3.rel1.win32_1.0.0.202411081344/tools/bin/../lib/gcc/arm-none-eabi/13.3.1/../../../../arm-none-eabi/lib/thumb/v7e-m+fp/hard\libc_nano.a(libc_a-closer.o)
                              C:/ST/STM32CubeIDE_1.19.0/STM32CubeIDE/plugins/com.st.stm32cube.ide.mcu.externaltools.gnu-tools-for-stm32.13.3.rel1.win32_1.0.0.202411081344/tools/bin/../lib/gcc/arm-none-eabi/13.3.1/../../../../arm-none-eabi/lib/thumb/v7e-m+fp/hard\libc_nano.a(libc_a-stdio.o) (_close_r)
C:/ST/STM32CubeIDE_1.19.0/STM32CubeIDE/plugins/com.st.stm32cube.ide.mcu.externaltools.gnu-tools-for-stm32.13.3.rel1.win32_1.0.0.202411081344/tools/bin/../lib/gcc/arm-none-eabi/13.3.1/../../../../arm-none-eabi/lib/thumb/v7e-m+fp/hard\libc_nano.a(libc_a-reent.o)
                              C:/ST/STM32CubeIDE_1.19.0/STM32CubeIDE/plugins/com.st.stm32cube.ide.mcu.externaltools.gnu-tools-for-stm32.13.3.rel1.win32_1.0.0.202411081344/tools/bin/../lib/gcc/arm-none-eabi/13.3.1/../../../../arm-none-eabi/lib/thumb/v7e-m+fp/hard\libc_nano.a(libc_a-closer.o) (errno)
C:/ST/STM32CubeIDE_1.19.0/STM32CubeIDE/plugins/com.st.stm32cube.ide.mcu.externaltools.gnu-tools-for-stm32.13.3.rel1.win32_1.0.0.202411081344/tools/bin/../lib/gcc/arm-none-eabi/13.3.1/../../../../arm-none-eabi/lib/thumb/v7e-m+fp/hard\libc_nano.a(libc_a-impure.o)
                              C:/ST/STM32CubeIDE_1.19.0/STM32CubeIDE/plugins/com.st.stm32cube.ide.mcu.externaltools.gnu-tools-for-stm32.13.3.rel1.win32_1.0.0.202411081344/tools/bin/../lib/gcc/arm-none-eabi/13.3.1/../../../../arm-none-eabi/lib/thumb/v7e-m+fp/hard\libc_nano.a(libc_a-reent.o) (_impure_ptr)
C:/ST/STM32CubeIDE_1.19.0/STM32CubeIDE/plugins/com.st.stm32cube.ide.mcu.externaltools.gnu-tools-for-stm32.13.3.rel1.win32_1.0.0.202411081344/tools/bin/../lib/gcc/arm-none-eabi/13.3.1/../../../../arm-none-eabi/lib/thumb/v7e-m+fp/hard\libc_nano.a(libc_a-lseekr.o)
[...]
Memory Configuration

Name             Origin             Length             Attributes
CCMRAM           0x10000000         0x00004000         xrw
RAM              0x20000000         0x00010000         xrw
FLASH            0x08000000         0x00080000         xr
*default*        0x00000000         0xffffffff

Linker script and memory map

LOAD C:/ST/STM32CubeIDE_1.19.0/STM32CubeIDE/plugins/com.st.stm32cube.ide.mcu.externaltools.gnu-tools-for-stm32.13.3.rel1.win32_1.0.0.202411081344/tools/bin/../lib/gcc/arm-none-eabi/13.3.1/thumb/v7e-m+fp/hard/crti.o
LOAD C:/ST/STM32CubeIDE_1.19.0/STM32CubeIDE/plugins/com.st.stm32cube.ide.mcu.externaltools.gnu-tools-for-stm32.13.3.rel1.win32_1.0.0.202411081344/tools/bin/../lib/gcc/arm-none-eabi/13.3.1/thumb/v7e-m+fp/hard/crtbegin.o
LOAD C:/ST/STM32CubeIDE_1.19.0/STM32CubeIDE/plugins/com.st.stm32cube.ide.mcu.externaltools.gnu-tools-for-stm32.13.3.rel1.win32_1.0.0.202411081344/tools/bin/../lib/gcc/arm-none-eabi/13.3.1/../../../../arm-none-eabi/lib/thumb/v7e-m+fp/hard/crt0.o
LOAD ./Application/User/Core/main.o
LOAD ./Application/User/Core/stm32f3xx_hal_msp.o
LOAD ./Application/User/Core/stm32f3xx_it.o
LOAD ./Application/User/Core/syscalls.o
LOAD ./Application/User/Core/sysmem.o
LOAD ./Application/User/Startup/startup_stm32f303retx.o
LOAD ./Drivers/CMSIS/system_stm32f3xx.o
LOAD ./Drivers/STM32F3xx_HAL_Driver/stm32f3xx_hal.o
LOAD ./Drivers/STM32F3xx_HAL_Driver/stm32f3xx_hal_cortex.o
LOAD ./Drivers/STM32F3xx_HAL_Driver/stm32f3xx_hal_dac.o
LOAD ./Drivers/STM32F3xx_HAL_Driver/stm32f3xx_hal_dac_ex.o
LOAD ./Drivers/STM32F3xx_HAL_Driver/stm32f3xx_hal_dma.o
LOAD ./Drivers/STM32F3xx_HAL_Driver/stm32f3xx_hal_exti.o
LOAD ./Drivers/STM32F3xx_HAL_Driver/stm32f3xx_hal_flash.o
LOAD ./Drivers/STM32F3xx_HAL_Driver/stm32f3xx_hal_flash_ex.o
LOAD ./Drivers/STM32F3xx_HAL_Driver/stm32f3xx_hal_gpio.o
LOAD ./Drivers/STM32F3xx_HAL_Driver/stm32f3xx_hal_i2c.o
LOAD ./Drivers/STM32F3xx_HAL_Driver/stm32f3xx_hal_i2c_ex.o
LOAD ./Drivers/STM32F3xx_HAL_Driver/stm32f3xx_hal_pwr.o
LOAD ./Drivers/STM32F3xx_HAL_Driver/stm32f3xx_hal_pwr_ex.o
LOAD ./Drivers/STM32F3xx_HAL_Driver/stm32f3xx_hal_rcc.o
LOAD ./Drivers/STM32F3xx_HAL_Driver/stm32f3xx_hal_rcc_ex.o
LOAD ./Drivers/STM32F3xx_HAL_Driver/stm32f3xx_hal_tim.o
LOAD ./Drivers/STM32F3xx_HAL_Driver/stm32f3xx_hal_tim_ex.o
START GROUP
LOAD C:/ST/STM32CubeIDE_1.19.0/STM32CubeIDE/plugins/com.st.stm32cube.ide.mcu.externaltools.gnu-tools-for-stm32.13.3.rel1.win32_1.0.0.202411081344/tools/bin/../lib/gcc/arm-none-eabi/13.3.1/../../../../arm-none-eabi/lib/thumb/v7e-m+fp/hard\libc_nano.a
LOAD C:/ST/STM32CubeIDE_1.19.0/STM32CubeIDE/plugins/com.st.stm32cube.ide.mcu.externaltools.gnu-tools-for-stm32.13.3.rel1.win32_1.0.0.202411081344/tools/bin/../lib/gcc/arm-none-eabi/13.3.1/../../../../arm-none-eabi/lib/thumb/v7e-m+fp/hard\libm.a
END GROUP
START GROUP
LOAD C:/ST/STM32CubeIDE_1.19.0/STM32CubeIDE/plugins/com.st.stm32cube.ide.mcu.externaltools.gnu-tools-for-stm32.13.3.rel1.win32_1.0.0.202411081344/tools/bin/../lib/gcc/arm-none-eabi/13.3.1/thumb/v7e-m+fp/hard\libgcc.a
LOAD C:/ST/STM32CubeIDE_1.19.0/STM32CubeIDE/plugins/com.st.stm32cube.ide.mcu.externaltools.gnu-tools-for-stm32.13.3.rel1.win32_1.0.0.202411081344/tools/bin/../lib/gcc/arm-none-eabi/13.3.1/../../../../arm-none-eabi/lib/thumb/v7e-m+fp/hard\libc_nano.a
END GROUP
START GROUP
LOAD C:/ST/STM32CubeIDE_1.19.0/STM32CubeIDE/plugins/com.st.stm32cube.ide.mcu.externaltools.gnu-tools-for-stm32.13.3.rel1.win32_1.0.0.202411081344/tools/bin/../lib/gcc/arm-none-eabi/13.3.1/thumb/v7e-m+fp/hard\libgcc.a
LOAD C:/ST/STM32CubeIDE_1.19.0/STM32CubeIDE/plugins/com.st.stm32cube.ide.mcu.externaltools.gnu-tools-for-stm32.13.3.rel1.win32_1.0.0.202411081344/tools/bin/../lib/gcc/arm-none-eabi/13.3.1/../../../../arm-none-eabi/lib/thumb/v7e-m+fp/hard\libc_nano.a
LOAD C:/ST/STM32CubeIDE_1.19.0/STM32CubeIDE/plugins/com.st.stm32cube.ide.mcu.externaltools.gnu-tools-for-stm32.13.3.rel1.win32_1.0.0.202411081344/tools/bin/../lib/gcc/arm-none-eabi/13.3.1/../../../../arm-none-eabi/lib/thumb/v7e-m+fp/hard\libnosys.a
END GROUP
START GROUP
LOAD C:/ST/STM32CubeIDE_1.19.0/STM32CubeIDE/plugins/com.st.stm32cube.ide.mcu.externaltools.gnu-tools-for-stm32.13.3.rel1.win32_1.0.0.202411081344/tools/bin/../lib/gcc/arm-none-eabi/13.3.1/thumb/v7e-m+fp/hard\libgcc.a
LOAD C:/ST/STM32CubeIDE_1.19.0/STM32CubeIDE/plugins/com.st.stm32cube.ide.mcu.externaltools.gnu-tools-for-stm32.13.3.rel1.win32_1.0.0.202411081344/tools/bin/../lib/gcc/arm-none-eabi/13.3.1/../../../../arm-none-eabi/lib/thumb/v7e-m+fp/hard\libc_nano.a
LOAD C:/ST/STM32CubeIDE_1.19.0/STM32CubeIDE/plugins/com.st.stm32cube.ide.mcu.externaltools.gnu-tools-for-stm32.13.3.rel1.win32_1.0.0.202411081344/tools/bin/../lib/gcc/arm-none-eabi/13.3.1/../../../../arm-none-eabi/lib/thumb/v7e-m+fp/hard\libnosys.a
END GROUP
LOAD C:/ST/STM32CubeIDE_1.19.0/STM32CubeIDE/plugins/com.st.stm32cube.ide.mcu.externaltools.gnu-tools-for-stm32.13.3.rel1.win32_1.0.0.202411081344/tools/bin/../lib/gcc/arm-none-eabi/13.3.1/thumb/v7e-m+fp/hard/crtend.o
LOAD C:/ST/STM32CubeIDE_1.19.0/STM32CubeIDE/plugins/com.st.stm32cube.ide.mcu.externaltools.gnu-tools-for-stm32.13.3.rel1.win32_1.0.0.202411081344/tools/bin/../lib/gcc/arm-none-eabi/13.3.1/thumb/v7e-m+fp/hard/crtn.o
                0x20010000                        _estack = (ORIGIN (RAM) + LENGTH (RAM))
                0x00000200                        _Min_Heap_Size = 0x200
                0x00000400                        _Min_Stack_Size = 0x400

.isr_vector     0x08000000      0x194
                0x08000000                        . = ALIGN (0x4)
 *(.isr_vector)
 .isr_vector    0x08000000      0x194 ./Application/User/Startup/startup_stm32f303retx.o
                0x08000000                g_pfnVectors
                0x08000194                        . = ALIGN (0x4)

.text           0x08000194     0x26cc
                0x08000194                        . = ALIGN (0x4)
 *(.text)
 .text          0x08000194       0x40 C:/ST/STM32CubeIDE_1.19.0/STM32CubeIDE/plugins/com.st.stm32cube.ide.mcu.externaltools.gnu-tools-for-stm32.13.3.rel1.win32_1.0.0.202411081344/tools/bin/../lib/gcc/arm-none-eabi/13.3.1/thumb/v7e-m+fp/hard/crtbegin.o
 *(.text*)
 .text.HAL_TIM_PeriodElapsedCallback
                0x080001d4       0x74 ./Application/User/Core/main.o
                0x080001d4                HAL_TIM_PeriodElapsedCallback
 .text.main     0x08000248       0x40 ./Application/User/Core/main.o
                0x08000248                main
 .text.SystemClock_Config
                0x08000288       0x62 ./Application/User/Core/main.o
                0x08000288                SystemClock_Config
 *fill*         0x080002ea        0x2 
 .text.MX_GPIO_Init
                0x080002ec       0x50 ./Application/User/Core/main.o
 .text.MX_DAC1_Init
                0x0800033c       0x5c ./Application/User/Core/main.o
 .text.MX_TIM6_Init
                0x08000398       0x68 ./Application/User/Core/main.o
 .text.HAL_MspInit
                0x08000400       0x48 ./Application/User/Core/stm32f3xx_hal_msp.o
                0x08000400                HAL_MspInit
 .text.HAL_DAC_MspInit
                0x08000448       0x8c ./Application/User/Core/stm32f3xx_hal_msp.o
                0x08000448                HAL_DAC_MspInit
 .text.HAL_TIM_Base_MspInit
                0x080004d4       0x4c ./Application/User/Core/stm32f3xx_hal_msp.o
                0x080004d4                HAL_TIM_Base_MspInit
 .text.NMI_Handler
                0x08000520        0x8 ./Application/User/Core/stm32f3xx_it.o
                0x08000520                NMI_Handler
 .text.HardFault_Handler
                0x08000528        0x8 ./Application/User/Core/stm32f3xx_it.o
                0x08000528                HardFault_Handler
 .text.MemManage_Handler
                0x08000530        0x8 ./Application/User/Core/stm32f3xx_it.o
                0x08000530                MemManage_Handler
 .text.BusFault_Handler
                0x08000538        0x8 ./Application/User/Core/stm32f3xx_it.o
                0x08000538                BusFault_Handler
 .text.UsageFault_Handler
                0x08000540        0x8 ./Application/User/Core/stm32f3xx_it.o
                0x08000540                UsageFault_Handler
 .text.SVC_Handler
                0x08000548        0xe ./Application/User/Core/stm32f3xx_it.o
                0x08000548                SVC_Handler
 .text.DebugMon_Handler
                0x08000556        0xe ./Application/User/Core/stm32f3xx_it.o
                0x08000556                DebugMon_Handler
 .text.PendSV_Handler
                0x08000564        0xe ./Application/User/Core/stm32f3xx_it.o
                0x08000564                PendSV_Handler
 .text.SysTick_Handler
                0x08000572        0xc ./Application/User/Core/stm32f3xx_it.o
                0x08000572                SysTick_Handler
 *fill*         0x0800057e        0x2 
 .text.TIM6_DAC_IRQHandler
                0x08000580       0x1c ./Application/User/Core/stm32f3xx_it.o
                0x08000580                TIM6_DAC_IRQHandler
 .text.Reset_Handler
                0x0800059c       0x50 ./Application/User/Startup/startup_stm32f303retx.o
                0x0800059c                Reset_Handler
 .text.Default_Handler
                0x080005ec        0x2 ./Application/User/Startup/startup_stm32f303retx.o
                0x080005ec                RTC_Alarm_IRQHandler
                0x080005ec                TIM8_TRG_COM_IRQHandler
                0x080005ec                TIM8_CC_IRQHandler
                0x080005ec                SPI4_IRQHandler
                0x080005ec                TIM1_CC_IRQHandler
                0x080005ec                USB_HP_IRQHandler
                0x080005ec                PVD_IRQHandler
                0x080005ec                TAMP_STAMP_IRQHandler
                0x080005ec                EXTI3_IRQHandler
                0x080005ec                I2C3_ER_IRQHandler
                0x080005ec                USB_HP_CAN_TX_IRQHandler
                0x080005ec                EXTI0_IRQHandler
                0x080005ec                I2C2_EV_IRQHandler
                0x080005ec                FPU_IRQHandler
                0x080005ec                TIM1_UP_TIM16_IRQHandler
                0x080005ec                ADC1_2_IRQHandler
                0x080005ec                SPI1_IRQHandler
                0x080005ec                CAN_SCE_IRQHandler
                0x080005ec                TIM8_UP_IRQHandler
                0x080005ec                DMA2_Channel2_IRQHandler
                0x080005ec                DMA1_Channel4_IRQHandler
                0x080005ec                TIM20_TRG_COM_IRQHandler
                0x080005ec                USART3_IRQHandler
                0x080005ec                DMA1_Channel7_IRQHandler
                0x080005ec                UART5_IRQHandler
                0x080005ec                ADC3_IRQHandler
                0x080005ec                TIM4_IRQHandler
                0x080005ec                CAN_RX1_IRQHandler
                0x080005ec                DMA2_Channel1_IRQHandler
                0x080005ec                I2C1_EV_IRQHandler
                0x080005ec                DMA1_Channel6_IRQHandler
                0x080005ec                UART4_IRQHandler
                0x080005ec                DMA2_Channel4_IRQHandler
                0x080005ec                TIM3_IRQHandler
                0x080005ec                RCC_IRQHandler
                0x080005ec                TIM20_UP_IRQHandler
                0x080005ec                DMA1_Channel1_IRQHandler
                0x080005ec                Default_Handler
                0x080005ec                USBWakeUp_RMP_IRQHandler
                0x080005ec                EXTI15_10_IRQHandler
                0x080005ec                TIM7_IRQHandler
                0x080005ec                I2C3_EV_IRQHandler
                0x080005ec                EXTI9_5_IRQHandler
                0x080005ec                RTC_WKUP_IRQHandler
                0x080005ec                SPI2_IRQHandler
                0x080005ec                USB_LP_CAN_RX0_IRQHandler
                0x080005ec                DMA2_Channel5_IRQHandler
                0x080005ec                DMA1_Channel5_IRQHandler
                0x080005ec                USB_LP_IRQHandler
                0x080005ec                EXTI4_IRQHandler
                0x080005ec                TIM1_TRG_COM_TIM17_IRQHandler
                0x080005ec                DMA1_Channel3_IRQHandler
                0x080005ec                ADC4_IRQHandler
                0x080005ec                WWDG_IRQHandler
                0x080005ec                TIM2_IRQHandler
                0x080005ec                COMP7_IRQHandler
                0x080005ec                COMP1_2_3_IRQHandler
                0x080005ec                EXTI1_IRQHandler
                0x080005ec                USART2_IRQHandler
                0x080005ec                COMP4_5_6_IRQHandler
                0x080005ec                TIM20_BRK_IRQHandler
                0x080005ec                I2C2_ER_IRQHandler
                0x080005ec                DMA1_Channel2_IRQHandler
                0x080005ec                TIM8_BRK_IRQHandler
                0x080005ec                FLASH_IRQHandler
                0x080005ec                TIM20_CC_IRQHandler
                0x080005ec                USART1_IRQHandler
                0x080005ec                SPI3_IRQHandler
                0x080005ec                I2C1_ER_IRQHandler
                0x080005ec                FMC_IRQHandler
                0x080005ec                USBWakeUp_IRQHandler
                0x080005ec                DMA2_Channel3_IRQHandler
                0x080005ec                EXTI2_TSC_IRQHandler
                0x080005ec                TIM1_BRK_TIM15_IRQHandler
 *fill*         0x080005ee        0x2 
 .text.SystemInit
                0x080005f0       0x24 ./Drivers/CMSIS/system_stm32f3xx.o
                0x080005f0                SystemInit
 .text.HAL_Init
                0x08000614       0x2c ./Drivers/STM32F3xx_HAL_Driver/stm32f3xx_hal.o
                0x08000614                HAL_Init
 .text.HAL_InitTick
                0x08000640       0x60 ./Drivers/STM32F3xx_HAL_Driver/stm32f3xx_hal.o
                0x08000640                HAL_InitTick
 .text.HAL_IncTick
                0x080006a0       0x28 ./Drivers/STM32F3xx_HAL_Driver/stm32f3xx_hal.o
                0x080006a0                HAL_IncTick
 .text.HAL_GetTick
                0x080006c8       0x18 ./Drivers/STM32F3xx_HAL_Driver/stm32f3xx_hal.o
                0x080006c8                HAL_GetTick
 .text.__NVIC_SetPriorityGrouping
                0x080006e0       0x48 ./Drivers/STM32F3xx_HAL_Driver/stm32f3xx_hal_cortex.o
 .text.__NVIC_GetPriorityGrouping
                0x08000728       0x1c ./Drivers/STM32F3xx_HAL_Driver/stm32f3xx_hal_cortex.o
 .text.__NVIC_EnableIRQ
                0x08000744       0x3c ./Drivers/STM32F3xx_HAL_Driver/stm32f3xx_hal_cortex.o
 .text.__NVIC_SetPriority
                0x08000780       0x54 ./Drivers/STM32F3xx_HAL_Driver/stm32f3xx_hal_cortex.o
 .text.NVIC_EncodePriority
                0x080007d4       0x66 ./Drivers/STM32F3xx_HAL_Driver/stm32f3xx_hal_cortex.o
 *fill*         0x0800083a        0x2 
 .text.SysTick_Config
                0x0800083c       0x44 ./Drivers/STM32F3xx_HAL_Driver/stm32f3xx_hal_cortex.o
 .text.HAL_NVIC_SetPriorityGrouping
                0x08000880       0x16 ./Drivers/STM32F3xx_HAL_Driver/stm32f3xx_hal_cortex.o
                0x08000880                HAL_NVIC_SetPriorityGrouping
 .text.HAL_NVIC_SetPriority
                0x08000896       0x38 ./Drivers/STM32F3xx_HAL_Driver/stm32f3xx_hal_cortex.o
                0x08000896                HAL_NVIC_SetPriority
 .text.HAL_NVIC_EnableIRQ
                0x080008ce       0x1c ./Drivers/STM32F3xx_HAL_Driver/stm32f3xx_hal_cortex.o
                0x080008ce                HAL_NVIC_EnableIRQ
 .text.HAL_SYSTICK_Config
                0x080008ea       0x18 ./Drivers/STM32F3xx_HAL_Driver/stm32f3xx_hal_cortex.o
                0x080008ea                HAL_SYSTICK_Config
 .text.HAL_DAC_Init
                0x08000902       0x44 ./Drivers/STM32F3xx_HAL_Driver/stm32f3xx_hal_dac.o
                0x08000902                HAL_DAC_Init
 .text.HAL_DAC_DMAUnderrunCallbackCh1
                0x08000946       0x14 ./Drivers/STM32F3xx_HAL_Driver/stm32f3xx_hal_dac.o
                0x08000946                HAL_DAC_DMAUnderrunCallbackCh1
 .text.HAL_DAC_SetValue
                0x0800095a       0x4a ./Drivers/STM32F3xx_HAL_Driver/stm32f3xx_hal_dac_ex.o
                0x0800095a                HAL_DAC_SetValue
 .text.HAL_DAC_Start
                0x080009a4       0x96 ./Drivers/STM32F3xx_HAL_Driver/stm32f3xx_hal_dac_ex.o
                0x080009a4                HAL_DAC_Start
 .text.HAL_DAC_IRQHandler
                0x08000a3a       0xb4 ./Drivers/STM32F3xx_HAL_Driver/stm32f3xx_hal_dac_ex.o
                0x08000a3a                HAL_DAC_IRQHandler
 .text.HAL_DAC_ConfigChannel
                0x08000aee       0x9a ./Drivers/STM32F3xx_HAL_Driver/stm32f3xx_hal_dac_ex.o
                0x08000aee                HAL_DAC_ConfigChannel
 .text.HAL_DACEx_DMAUnderrunCallbackCh2
                0x08000b88       0x14 ./Drivers/STM32F3xx_HAL_Driver/stm32f3xx_hal_dac_ex.o
                0x08000b88                HAL_DACEx_DMAUnderrunCallbackCh2
 .text.HAL_GPIO_Init
                0x08000b9c      0x314 ./Drivers/STM32F3xx_HAL_Driver/stm32f3xx_hal_gpio.o
                0x08000b9c                HAL_GPIO_Init
 .text.HAL_RCC_OscConfig
                0x08000eb0     0x1048 ./Drivers/STM32F3xx_HAL_Driver/stm32f3xx_hal_rcc.o
                0x08000eb0                HAL_RCC_OscConfig
 .text.HAL_RCC_ClockConfig
                0x08001ef8      0x2dc ./Drivers/STM32F3xx_HAL_Driver/stm32f3xx_hal_rcc.o
                0x08001ef8                HAL_RCC_ClockConfig
 .text.HAL_RCC_GetSysClockFreq
                0x080021d4       0xa8 ./Drivers/STM32F3xx_HAL_Driver/stm32f3xx_hal_rcc.o
                0x080021d4                HAL_RCC_GetSysClockFreq
 .text.HAL_TIM_Base_Init
                0x0800227c       0xae ./Drivers/STM32F3xx_HAL_Driver/stm32f3xx_hal_tim.o
                0x0800227c                HAL_TIM_Base_Init
 *fill*         0x0800232a        0x2 
 .text.HAL_TIM_Base_Start_IT
                0x0800232c       0xe0 ./Drivers/STM32F3xx_HAL_Driver/stm32f3xx_hal_tim.o
                0x0800232c                HAL_TIM_Base_Start_IT
 .text.HAL_TIM_IRQHandler
                0x0800240c      0x204 ./Drivers/STM32F3xx_HAL_Driver/stm32f3xx_hal_tim.o
                0x0800240c                HAL_TIM_IRQHandler
 .text.HAL_TIM_OC_DelayElapsedCallback
                0x08002610       0x14 ./Drivers/STM32F3xx_HAL_Driver/stm32f3xx_hal_tim.o
                0x08002610                HAL_TIM_OC_DelayElapsedCallback
 .text.HAL_TIM_IC_CaptureCallback
                0x08002624       0x14 ./Drivers/STM32F3xx_HAL_Driver/stm32f3xx_hal_tim.o
                0x08002624                HAL_TIM_IC_CaptureCallback
 .text.HAL_TIM_PWM_PulseFinishedCallback
                0x08002638       0x14 ./Drivers/STM32F3xx_HAL_Driver/stm32f3xx_hal_tim.o
                0x08002638                HAL_TIM_PWM_PulseFinishedCallback
 .text.HAL_TIM_TriggerCallback
                0x0800264c       0x14 ./Drivers/STM32F3xx_HAL_Driver/stm32f3xx_hal_tim.o
                0x0800264c                HAL_TIM_TriggerCallback
 .text.TIM_Base_SetConfig
                0x08002660      0x154 ./Drivers/STM32F3xx_HAL_Driver/stm32f3xx_hal_tim.o
                0x08002660                TIM_Base_SetConfig
 .text.HAL_TIMEx_CommutCallback
                0x080027b4       0x14 ./Drivers/STM32F3xx_HAL_Driver/stm32f3xx_hal_tim_ex.o
                0x080027b4                HAL_TIMEx_CommutCallback
 .text.HAL_TIMEx_BreakCallback
                0x080027c8       0x14 ./Drivers/STM32F3xx_HAL_Driver/stm32f3xx_hal_tim_ex.o
                0x080027c8                HAL_TIMEx_BreakCallback
 .text.HAL_TIMEx_Break2Callback
                0x080027dc       0x14 ./Drivers/STM32F3xx_HAL_Driver/stm32f3xx_hal_tim_ex.o
                0x080027dc                HAL_TIMEx_Break2Callback
 .text.memset   0x080027f0       0x10 C:/ST/STM32CubeIDE_1.19.0/STM32CubeIDE/plugins/com.st.stm32cube.ide.mcu.externaltools.gnu-tools-for-stm32.13.3.rel1.win32_1.0.0.202411081344/tools/bin/../lib/gcc/arm-none-eabi/13.3.1/../../../../arm-none-eabi/lib/thumb/v7e-m+fp/hard\libc_nano.a(libc_a-memset.o)
                0x080027f0                memset
 .text.__libc_init_array
                0x08002800       0x48 C:/ST/STM32CubeIDE_1.19.0/STM32CubeIDE/plugins/com.st.stm32cube.ide.mcu.externaltools.gnu-tools-for-stm32.13.3.rel1.win32_1.0.0.202411081344/tools/bin/../lib/gcc/arm-none-eabi/13.3.1/../../../../arm-none-eabi/lib/thumb/v7e-m+fp/hard\libc_nano.a(libc_a-init.o)
                0x08002800                __libc_init_array
 *(.glue_7)
 .glue_7        0x08002848        0x0 linker stubs
 *(.glue_7t)
 .glue_7t       0x08002848        0x0 linker stubs
 *(.eh_frame)
 .eh_frame      0x08002848        0x0 C:/ST/STM32CubeIDE_1.19.0/STM32CubeIDE/plugins/com.st.stm32cube.ide.mcu.externaltools.gnu-tools-for-stm32.13.3.rel1.win32_1.0.0.202411081344/tools/bin/../lib/gcc/arm-none-eabi/13.3.1/thumb/v7e-m+fp/hard/crtbegin.o
 *(.init)
 .init          0x08002848        0x4 C:/ST/STM32CubeIDE_1.19.0/STM32CubeIDE/plugins/com.st.stm32cube.ide.mcu.externaltools.gnu-tools-for-stm32.13.3.rel1.win32_1.0.0.202411081344/tools/bin/../lib/gcc/arm-none-eabi/13.3.1/thumb/v7e-m+fp/hard/crti.o
                0x08002848                _init
 .init          0x0800284c        0x8 C:/ST/STM32CubeIDE_1.19.0/STM32CubeIDE/plugins/com.st.stm32cube.ide.mcu.externaltools.gnu-tools-for-stm32.13.3.rel1.win32_1.0.0.202411081344/tools/bin/../lib/gcc/arm-none-eabi/13.3.1/thumb/v7e-m+fp/hard/crtn.o
 *(.fini)
 .fini          0x08002854        0x4 C:/ST/STM32CubeIDE_1.19.0/STM32CubeIDE/plugins/com.st.stm32cube.ide.mcu.externaltools.gnu-tools-for-stm32.13.3.rel1.win32_1.0.0.202411081344/tools/bin/../lib/gcc/arm-none-eabi/13.3.1/thumb/v7e-m+fp/hard/crti.o
                0x08002854                _fini
 .fini          0x08002858        0x8 C:/ST/STM32CubeIDE_1.19.0/STM32CubeIDE/plugins/com.st.stm32cube.ide.mcu.externaltools.gnu-tools-for-stm32.13.3.rel1.win32_1.0.0.202411081344/tools/bin/../lib/gcc/arm-none-eabi/13.3.1/thumb/v7e-m+fp/hard/crtn.o
                0x08002860                        . = ALIGN (0x4)
                0x08002860                        _etext = .

.vfp11_veneer   0x08002860        0x0
 .vfp11_veneer  0x08002860        0x0 linker stubs

.v4_bx          0x08002860        0x0
 .v4_bx         0x08002860        0x0 linker stubs

.iplt           0x08002860        0x0
 .iplt          0x08002860        0x0 C:/ST/STM32CubeIDE_1.19.0/STM32CubeIDE/plugins/com.st.stm32cube.ide.mcu.externaltools.gnu-tools-for-stm32.13.3.rel1.win32_1.0.0.202411081344/tools/bin/../lib/gcc/arm-none-eabi/13.3.1/thumb/v7e-m+fp/hard/crtbegin.o

.rodata         0x08002860    0x34bf0
                0x08002860                        . = ALIGN (0x4)
 *(.rodata)
 *(.rodata*)
 .rodata.ecg5min
                0x08002860    0x34bc0 ./Application/User/Core/main.o
 .rodata.AHBPrescTable
                0x08037420       0x10 ./Drivers/CMSIS/system_stm32f3xx.o
                0x08037420                AHBPrescTable
 .rodata.aPLLMULFactorTable
                0x08037430       0x10 ./Drivers/STM32F3xx_HAL_Driver/stm32f3xx_hal_rcc.o
 .rodata.aPredivFactorTable
                0x08037440       0x10 ./Drivers/STM32F3xx_HAL_Driver/stm32f3xx_hal_rcc.o
                0x08037450                        . = ALIGN (0x4)

.ARM.extab      0x08037450        0x0
                0x08037450                        . = ALIGN (0x4)
 *(.ARM.extab* .gnu.linkonce.armextab.*)
                0x08037450                        . = ALIGN (0x4)

.ARM            0x08037450        0x0
                0x08037450                        . = ALIGN (0x4)
                0x08037450                        __exidx_start = .
 *(.ARM.exidx*)
                0x08037450                        __exidx_end = .
                0x08037450                        . = ALIGN (0x4)

.preinit_array  0x08037450        0x0
                0x08037450                        . = ALIGN (0x4)
                0x08037450                        PROVIDE (__preinit_array_start = .)
 *(.preinit_array*)
                0x08037450                        PROVIDE (__preinit_array_end = .)
                0x08037450                        . = ALIGN (0x4)

.init_array     0x08037450        0x4
                0x08037450                        . = ALIGN (0x4)
                0x08037450                        PROVIDE (__init_array_start = .)
 *(SORT_BY_NAME(.init_array.*))
 *(.init_array*)
 .init_array    0x08037450        0x4 C:/ST/STM32CubeIDE_1.19.0/STM32CubeIDE/plugins/com.st.stm32cube.ide.mcu.externaltools.gnu-tools-for-stm32.13.3.rel1.win32_1.0.0.202411081344/tools/bin/../lib/gcc/arm-none-eabi/13.3.1/thumb/v7e-m+fp/hard/crtbegin.o
                0x08037454                        PROVIDE (__init_array_end = .)
                0x08037454                        . = ALIGN (0x4)

.fini_array     0x08037454        0x4
                0x08037454                        . = ALIGN (0x4)
                [!provide]                        PROVIDE (__fini_array_start = .)
 *(SORT_BY_NAME(.fini_array.*))
 *(.fini_array*)
 .fini_array    0x08037454        0x4 C:/ST/STM32CubeIDE_1.19.0/STM32CubeIDE/plugins/com.st.stm32cube.ide.mcu.externaltools.gnu-tools-for-stm32.13.3.rel1.win32_1.0.0.202411081344/tools/bin/../lib/gcc/arm-none-eabi/13.3.1/thumb/v7e-m+fp/hard/crtbegin.o
                [!provide]                        PROVIDE (__fini_array_end = .)
                0x08037458                        . = ALIGN (0x4)
                0x08037458                        _sidata = LOADADDR (.data)

.rel.dyn        0x08037458        0x0
 .rel.iplt      0x08037458        0x0 C:/ST/STM32CubeIDE_1.19.0/STM32CubeIDE/plugins/com.st.stm32cube.ide.mcu.externaltools.gnu-tools-for-stm32.13.3.rel1.win32_1.0.0.202411081344/tools/bin/../lib/gcc/arm-none-eabi/13.3.1/thumb/v7e-m+fp/hard/crtbegin.o

.data           0x20000000       0x10 load address 0x08037458
                0x20000000                        . = ALIGN (0x4)
                0x20000000                        _sdata = .
 *(.data)
 *(.data*)
 .data.last_sample
                0x20000000        0x2 ./Application/User/Core/main.o
 *fill*         0x20000002        0x2 
 .data.SystemCoreClock
                0x20000004        0x4 ./Drivers/CMSIS/system_stm32f3xx.o
                0x20000004                SystemCoreClock
 .data.uwTickPrio
                0x20000008        0x4 ./Drivers/STM32F3xx_HAL_Driver/stm32f3xx_hal.o
                0x20000008                uwTickPrio
 .data.uwTickFreq
                0x2000000c        0x1 ./Drivers/STM32F3xx_HAL_Driver/stm32f3xx_hal.o
                0x2000000c                uwTickFreq
 *(.RamFunc)
 *(.RamFunc*)
                0x20000010                        . = ALIGN (0x4)
 *fill*         0x2000000d        0x3 
                0x20000010                        _edata = .
                0x08037468                        _siccmram = LOADADDR (.ccmram)

.igot.plt       0x20000010        0x0 load address 0x08037468
 .igot.plt      0x20000010        0x0 C:/ST/STM32CubeIDE_1.19.0/STM32CubeIDE/plugins/com.st.stm32cube.ide.mcu.externaltools.gnu-tools-for-stm32.13.3.rel1.win32_1.0.0.202411081344/tools/bin/../lib/gcc/arm-none-eabi/13.3.1/thumb/v7e-m+fp/hard/crtbegin.o

.ccmram         0x10000000        0x0 load address 0x08037468
                0x10000000                        . = ALIGN (0x4)
                0x10000000                        _sccmram = .
 *(.ccmram)
 *(.ccmram*)
                0x10000000                        . = ALIGN (0x4)
                0x10000000                        _eccmram = .
                0x10000000                        . = ALIGN (0x4)

.bss            0x20000010       0x84
                0x20000010                        _sbss = .
                0x20000010                        __bss_start__ = _sbss
 *(.bss)
 .bss           0x20000010       0x1c C:/ST/STM32CubeIDE_1.19.0/STM32CubeIDE/plugins/com.st.stm32cube.ide.mcu.externaltools.gnu-tools-for-stm32.13.3.rel1.win32_1.0.0.202411081344/tools/bin/../lib/gcc/arm-none-eabi/13.3.1/thumb/v7e-m+fp/hard/crtbegin.o
 *(.bss*)
 .bss.hdac1     0x2000002c       0x14 ./Application/User/Core/main.o
                0x2000002c                hdac1
 .bss.htim6     0x20000040       0x4c ./Application/User/Core/main.o
                0x20000040                htim6
 .bss.play_idx  0x2000008c        0x4 ./Application/User/Core/main.o
 .bss.uwTick    0x20000090        0x4 ./Drivers/STM32F3xx_HAL_Driver/stm32f3xx_hal.o
                0x20000090                uwTick
 *(COMMON)
                0x20000094                        . = ALIGN (0x4)
                0x20000094                        _ebss = .
                0x20000094                        __bss_end__ = _ebss

._user_heap_stack
                0x20000094      0x604
                0x20000098                        . = ALIGN (0x8)
 *fill*         0x20000094        0x4 
                [!provide]                        PROVIDE (end = .)
                0x20000098                        PROVIDE (_end = .)
                0x20000298                        . = (. + _Min_Heap_Size)
 *fill*         0x20000098      0x200 
                0x20000698                        . = (. + _Min_Stack_Size)
 *fill*         0x20000298      0x400 
                0x20000698                        . = ALIGN (0x8)

/DISCARD/
 libc.a(*)
 libm.a(*)
 libgcc.a(*)

.ARM.attributes
                0x00000000       0x30
 *(.ARM.attributes)
 .ARM.attributes
                0x00000000       0x22 C:/ST/STM32CubeIDE_1.19.0/STM32CubeIDE/plugins/com.st.stm32cube.ide.mcu.externaltools.gnu-tools-for-stm32.13.3.rel1.win32_1.0.0.202411081344/tools/bin/../lib/gcc/arm-none-eabi/13.3.1/thumb/v7e-m+fp/hard/crti.o
 .ARM.attributes
                0x00000022       0x34 C:/ST/STM32CubeIDE_1.19.0/STM32CubeIDE/plugins/com.st.stm32cube.ide.mcu.externaltools.gnu-tools-for-stm32.13.3.rel1.win32_1.0.0.202411081344/tools/bin/../lib/gcc/arm-none-eabi/13.3.1/thumb/v7e-m+fp/hard/crtbegin.o
 .ARM.attributes
                0x00000056       0x34 ./Application/User/Core/main.o
 .ARM.attributes
                0x0000008a       0x34 ./Application/User/Core/stm32f3xx_hal_msp.o
 .ARM.attributes
                0x000000be       0x34 ./Application/User/Core/stm32f3xx_it.o
 .ARM.attributes
                0x000000f2       0x21 ./Application/User/Startup/startup_stm32f303retx.o
 .ARM.attributes
                0x00000113       0x34 ./Drivers/CMSIS/system_stm32f3xx.o
 .ARM.attributes
                0x00000147       0x34 ./Drivers/STM32F3xx_HAL_Driver/stm32f3xx_hal.o
 .ARM.attributes
                0x0000017b       0x34 ./Drivers/STM32F3xx_HAL_Driver/stm32f3xx_hal_cortex.o
 .ARM.attributes
                0x000001af       0x34 ./Drivers/STM32F3xx_HAL_Driver/stm32f3xx_hal_dac.o
 .ARM.attributes
                0x000001e3       0x34 ./Drivers/STM32F3xx_HAL_Driver/stm32f3xx_hal_dac_ex.o
 .ARM.attributes
                0x00000217       0x34 ./Drivers/STM32F3xx_HAL_Driver/stm32f3xx_hal_gpio.o
 .ARM.attributes
                0x0000024b       0x34 ./Drivers/STM32F3xx_HAL_Driver/stm32f3xx_hal_rcc.o
 .ARM.attributes
                0x0000027f       0x34 ./Drivers/STM32F3xx_HAL_Driver/stm32f3xx_hal_tim.o
 .ARM.attributes
                0x000002b3       0x34 ./Drivers/STM32F3xx_HAL_Driver/stm32f3xx_hal_tim_ex.o
 .ARM.attributes
                0x000002e7       0x34 C:/ST/STM32CubeIDE_1.19.0/STM32CubeIDE/plugins/com.st.stm32cube.ide.mcu.externaltools.gnu-tools-for-stm32.13.3.rel1.win32_1.0.0.202411081344/tools/bin/../lib/gcc/arm-none-eabi/13.3.1/../../../../arm-none-eabi/lib/thumb/v7e-m+fp/hard\libc_nano.a(libc_a-memset.o)
 .ARM.attributes
                0x0000031b       0x34 C:/ST/STM32CubeIDE_1.19.0/STM32CubeIDE/plugins/com.st.stm32cube.ide.mcu.externaltools.gnu-tools-for-stm32.13.3.rel1.win32_1.0.0.202411081344/tools/bin/../lib/gcc/arm-none-eabi/13.3.1/../../../../arm-none-eabi/lib/thumb/v7e-m+fp/hard\libc_nano.a(libc_a-init.o)
 .ARM.attributes
                0x0000034f       0x22 C:/ST/STM32CubeIDE_1.19.0/STM32CubeIDE/plugins/com.st.stm32cube.ide.mcu.externaltools.gnu-tools-for-stm32.13.3.rel1.win32_1.0.0.202411081344/tools/bin/../lib/gcc/arm-none-eabi/13.3.1/thumb/v7e-m+fp/hard/crtn.o
OUTPUT(ramp_generation.elf elf32-littlearm)
LOAD linker stubs
LOAD C:/ST/STM32CubeIDE_1.19.0/STM32CubeIDE/plugins/com.st.stm32cube.ide.mcu.externaltools.gnu-tools-for-stm32.13.3.rel1.win32_1.0.0.202411081344/tools/bin/../lib/gcc/arm-none-eabi/13.3.1/../../../../arm-none-eabi/lib/thumb/v7e-m+fp/hard\libc.a
LOAD C:/ST/STM32CubeIDE_1.19.0/STM32CubeIDE/plugins/com.st.stm32cube.ide.mcu.externaltools.gnu-tools-for-stm32.13.3.rel1.win32_1.0.0.202411081344/tools/bin/../lib/gcc/arm-none-eabi/13.3.1/../../../../arm-none-eabi/lib/thumb/v7e-m+fp/hard\libm.a
LOAD C:/ST/STM32CubeIDE_1.19.0/STM32CubeIDE/plugins/com.st.stm32cube.ide.mcu.externaltools.gnu-tools-for-stm32.13.3.rel1.win32_1.0.0.202411081344/tools/bin/../lib/gcc/arm-none-eabi/13.3.1/thumb/v7e-m+fp/hard\libgcc.a

.debug_info     0x00000000     0xac63
 .debug_info    0x00000000     0x106e ./Application/User/Core/main.o
 .debug_info    0x0000106e      0xd2a ./Application/User/Core/stm32f3xx_hal_msp.o
 .debug_info    0x00001d98      0x877 ./Application/User/Core/stm32f3xx_it.o
 .debug_info    0x0000260f       0x30 ./Application/User/Startup/startup_stm32f303retx.o
 .debug_info    0x0000263f      0x407 ./Drivers/CMSIS/system_stm32f3xx.o
 .debug_info    0x00002a46      0x804 ./Drivers/STM32F3xx_HAL_Driver/stm32f3xx_hal.o
 .debug_info    0x0000324a      0xd14 ./Drivers/STM32F3xx_HAL_Driver/stm32f3xx_hal_cortex.o
 .debug_info    0x00003f5e      0x827 ./Drivers/STM32F3xx_HAL_Driver/stm32f3xx_hal_dac.o
 .debug_info    0x00004785      0x9c1 ./Drivers/STM32F3xx_HAL_Driver/stm32f3xx_hal_dac_ex.o
 .debug_info    0x00005146      0x6a6 ./Drivers/STM32F3xx_HAL_Driver/stm32f3xx_hal_gpio.o
 .debug_info    0x000057ec     0x149a ./Drivers/STM32F3xx_HAL_Driver/stm32f3xx_hal_rcc.o
 .debug_info    0x00006c86     0x2a70 ./Drivers/STM32F3xx_HAL_Driver/stm32f3xx_hal_tim.o
 .debug_info    0x000096f6     0x156d ./Drivers/STM32F3xx_HAL_Driver/stm32f3xx_hal_tim_ex.o

.debug_abbrev   0x00000000     0x1a19
 .debug_abbrev  0x00000000      0x26c ./Application/User/Core/main.o
 .debug_abbrev  0x0000026c      0x1d8 ./Application/User/Core/stm32f3xx_hal_msp.o
 .debug_abbrev  0x00000444      0x196 ./Application/User/Core/stm32f3xx_it.o
 .debug_abbrev  0x000005da       0x24 ./Application/User/Startup/startup_stm32f303retx.o
 .debug_abbrev  0x000005fe      0x11a ./Drivers/CMSIS/system_stm32f3xx.o
 .debug_abbrev  0x00000718      0x215 ./Drivers/STM32F3xx_HAL_Driver/stm32f3xx_hal.o
 .debug_abbrev  0x0000092d      0x31e ./Drivers/STM32F3xx_HAL_Driver/stm32f3xx_hal_cortex.o
 .debug_abbrev  0x00000c4b      0x1ac ./Drivers/STM32F3xx_HAL_Driver/stm32f3xx_hal_dac.o
 .debug_abbrev  0x00000df7      0x25d ./Drivers/STM32F3xx_HAL_Driver/stm32f3xx_hal_dac_ex.o
 .debug_abbrev  0x00001054      0x1ca ./Drivers/STM32F3xx_HAL_Driver/stm32f3xx_hal_gpio.o
 .debug_abbrev  0x0000121e      0x300 ./Drivers/STM32F3xx_HAL_Driver/stm32f3xx_hal_rcc.o
 .debug_abbrev  0x0000151e      0x278 ./Drivers/STM32F3xx_HAL_Driver/stm32f3xx_hal_tim.o
 .debug_abbrev  0x00001796      0x283 ./Drivers/STM32F3xx_HAL_Driver/stm32f3xx_hal_tim_ex.o

.debug_aranges  0x00000000      0xae8
 .debug_aranges
                0x00000000       0x50 ./Application/User/Core/main.o
 .debug_aranges
                0x00000050       0x40 ./Application/User/Core/stm32f3xx_hal_msp.o
 .debug_aranges
                0x00000090       0x68 ./Application/User/Core/stm32f3xx_it.o
 .debug_aranges
                0x000000f8       0x28 ./Application/User/Startup/startup_stm32f303retx.o
 .debug_aranges
                0x00000120       0x28 ./Drivers/CMSIS/system_stm32f3xx.o
 .debug_aranges
                0x00000148       0xe0 ./Drivers/STM32F3xx_HAL_Driver/stm32f3xx_hal.o
 .debug_aranges
                0x00000228      0x128 ./Drivers/STM32F3xx_HAL_Driver/stm32f3xx_hal_cortex.o
 .debug_aranges
                0x00000350       0xa8 ./Drivers/STM32F3xx_HAL_Driver/stm32f3xx_hal_dac.o
 .debug_aranges
                0x000003f8       0xb8 ./Drivers/STM32F3xx_HAL_Driver/stm32f3xx_hal_dac_ex.o
 .debug_aranges
                0x000004b0       0x58 ./Drivers/STM32F3xx_HAL_Driver/stm32f3xx_hal_gpio.o
 .debug_aranges
                0x00000508       0x88 ./Drivers/STM32F3xx_HAL_Driver/stm32f3xx_hal_rcc.o
 .debug_aranges
                0x00000590      0x3e0 ./Drivers/STM32F3xx_HAL_Driver/stm32f3xx_hal_tim.o
 .debug_aranges
                0x00000970      0x178 ./Drivers/STM32F3xx_HAL_Driver/stm32f3xx_hal_tim_ex.o

.debug_rnglists
                0x00000000      0x85d
 .debug_rnglists
                0x00000000       0x37 ./Application/User/Core/main.o
 .debug_rnglists
                0x00000037       0x2c ./Application/User/Core/stm32f3xx_hal_msp.o
 .debug_rnglists
                0x00000063       0x49 ./Application/User/Core/stm32f3xx_it.o
 .debug_rnglists
                0x000000ac       0x19 ./Application/User/Startup/startup_stm32f303retx.o
 .debug_rnglists
                0x000000c5       0x1a ./Drivers/CMSIS/system_stm32f3xx.o
 .debug_rnglists
                0x000000df       0xa3 ./Drivers/STM32F3xx_HAL_Driver/stm32f3xx_hal.o
 .debug_rnglists
                0x00000182       0xda ./Drivers/STM32F3xx_HAL_Driver/stm32f3xx_hal_cortex.o
 .debug_rnglists
                0x0000025c       0x7a ./Drivers/STM32F3xx_HAL_Driver/stm32f3xx_hal_dac.o
 .debug_rnglists
                0x000002d6       0x89 ./Drivers/STM32F3xx_HAL_Driver/stm32f3xx_hal_dac_ex.o
 .debug_rnglists
                0x0000035f       0x3f ./Drivers/STM32F3xx_HAL_Driver/stm32f3xx_hal_gpio.o
 .debug_rnglists
                0x0000039e       0x66 ./Drivers/STM32F3xx_HAL_Driver/stm32f3xx_hal_rcc.o
 .debug_rnglists
                0x00000404      0x328 ./Drivers/STM32F3xx_HAL_Driver/stm32f3xx_hal_tim.o
 .debug_rnglists
                0x0000072c      0x131 ./Drivers/STM32F3xx_HAL_Driver/stm32f3xx_hal_tim_ex.o

.debug_macro    0x00000000    0x1f864
 .debug_macro   0x00000000      0x1ef ./Application/User/Core/main.o
 .debug_macro   0x000001ef      0xad8 ./Application/User/Core/main.o
 .debug_macro   0x00000cc7      0x15e ./Application/User/Core/main.o
 .debug_macro   0x00000e25       0x2e ./Application/User/Core/main.o
 .debug_macro   0x00000e53       0x28 ./Application/User/Core/main.o
 .debug_macro   0x00000e7b       0x22 ./Application/User/Core/main.o
 .debug_macro   0x00000e9d       0x8e ./Application/User/Core/main.o
 .debug_macro   0x00000f2b       0x51 ./Application/User/Core/main.o
 .debug_macro   0x00000f7c      0x103 ./Application/User/Core/main.o
 .debug_macro   0x0000107f       0x6a ./Application/User/Core/main.o
 .debug_macro   0x000010e9      0x1df ./Application/User/Core/main.o
 .debug_macro   0x000012c8       0x1c ./Application/User/Core/main.o
 .debug_macro   0x000012e4       0x22 ./Application/User/Core/main.o
 .debug_macro   0x00001306       0xd9 ./Application/User/Core/main.o
 .debug_macro   0x000013df     0x102d ./Application/User/Core/main.o
 .debug_macro   0x0000240c      0x11f ./Application/User/Core/main.o
 .debug_macro   0x0000252b    0x1535a ./Application/User/Core/main.o
 .debug_macro   0x00017885       0x6d ./Application/User/Core/main.o
 .debug_macro   0x000178f2     0x3574 ./Application/User/Core/main.o
 .debug_macro   0x0001ae66      0x190 ./Application/User/Core/main.o
 .debug_macro   0x0001aff6       0x55 ./Application/User/Core/main.o
 .debug_macro   0x0001b04b      0x953 ./Application/User/Core/main.o
 .debug_macro   0x0001b99e      0x84a ./Application/User/Core/main.o
 .debug_macro   0x0001c1e8      0x1b5 ./Application/User/Core/main.o
 .debug_macro   0x0001c39d      0x23a ./Application/User/Core/main.o
 .debug_macro   0x0001c5d7      0x1ea ./Application/User/Core/main.o
 .debug_macro   0x0001c7c1      0x1bc ./Application/User/Core/main.o
 .debug_macro   0x0001c97d       0x30 ./Application/User/Core/main.o
 .debug_macro   0x0001c9ad       0x3c ./Application/User/Core/main.o
 .debug_macro   0x0001c9e9      0x235 ./Application/User/Core/main.o
 .debug_macro   0x0001cc1e      0x176 ./Application/User/Core/main.o
 .debug_macro   0x0001cd94       0x61 ./Application/User/Core/main.o
 .debug_macro   0x0001cdf5       0xc5 ./Application/User/Core/main.o
 .debug_macro   0x0001ceba      0x21d ./Application/User/Core/main.o
 .debug_macro   0x0001d0d7      0x22c ./Application/User/Core/main.o
 .debug_macro   0x0001d303       0x5b ./Application/User/Core/main.o
 .debug_macro   0x0001d35e       0xa5 ./Application/User/Core/main.o
 .debug_macro   0x0001d403       0x81 ./Application/User/Core/main.o
 .debug_macro   0x0001d484       0xd3 ./Application/User/Core/main.o
 .debug_macro   0x0001d557      0xa60 ./Application/User/Core/main.o
 .debug_macro   0x0001dfb7       0xba ./Application/User/Core/main.o
 .debug_macro   0x0001e071      0x347 ./Application/User/Core/main.o
 .debug_macro   0x0001e3b8      0x1e1 ./Application/User/Core/stm32f3xx_hal_msp.o
 .debug_macro   0x0001e599      0x1eb ./Application/User/Core/stm32f3xx_it.o
 .debug_macro   0x0001e784      0x1d7 ./Drivers/CMSIS/system_stm32f3xx.o
 .debug_macro   0x0001e95b      0x1fb ./Drivers/STM32F3xx_HAL_Driver/stm32f3xx_hal.o
 .debug_macro   0x0001eb56      0x1d7 ./Drivers/STM32F3xx_HAL_Driver/stm32f3xx_hal_cortex.o
 .debug_macro   0x0001ed2d      0x1d8 ./Drivers/STM32F3xx_HAL_Driver/stm32f3xx_hal_dac.o
 .debug_macro   0x0001ef05      0x1d7 ./Drivers/STM32F3xx_HAL_Driver/stm32f3xx_hal_dac_ex.o
 .debug_macro   0x0001f0dc      0x1de ./Drivers/STM32F3xx_HAL_Driver/stm32f3xx_hal_gpio.o
 .debug_macro   0x0001f2ba      0x1fb ./Drivers/STM32F3xx_HAL_Driver/stm32f3xx_hal_rcc.o
 .debug_macro   0x0001f4b5      0x1d8 ./Drivers/STM32F3xx_HAL_Driver/stm32f3xx_hal_tim.o
 .debug_macro   0x0001f68d      0x1d7 ./Drivers/STM32F3xx_HAL_Driver/stm32f3xx_hal_tim_ex.o

.debug_line     0x00000000     0xca7b
 .debug_line    0x00000000      0x8ae ./Application/User/Core/main.o
 .debug_line    0x000008ae      0x836 ./Application/User/Core/stm32f3xx_hal_msp.o
 .debug_line    0x000010e4      0x877 ./Application/User/Core/stm32f3xx_it.o
 .debug_line    0x0000195b       0x7a ./Application/User/Startup/startup_stm32f303retx.o
 .debug_line    0x000019d5      0x82e ./Drivers/CMSIS/system_stm32f3xx.o
 .debug_line    0x00002203      0xa65 ./Drivers/STM32F3xx_HAL_Driver/stm32f3xx_hal.o
 .debug_line    0x00002c68      0xd30 ./Drivers/STM32F3xx_HAL_Driver/stm32f3xx_hal_cortex.o
 .debug_line    0x00003998      0x9a7 ./Drivers/STM32F3xx_HAL_Driver/stm32f3xx_hal_dac.o
 .debug_line    0x0000433f      0xb96 ./Drivers/STM32F3xx_HAL_Driver/stm32f3xx_hal_dac_ex.o
 .debug_line    0x00004ed5      0xbd8 ./Drivers/STM32F3xx_HAL_Driver/stm32f3xx_hal_gpio.o
 .debug_line    0x00005aad     0x15dc ./Drivers/STM32F3xx_HAL_Driver/stm32f3xx_hal_rcc.o
 .debug_line    0x00007089     0x3f1c ./Drivers/STM32F3xx_HAL_Driver/stm32f3xx_hal_tim.o
 .debug_line    0x0000afa5     0x1ad6 ./Drivers/STM32F3xx_HAL_Driver/stm32f3xx_hal_tim_ex.o

.debug_str      0x00000000    0xc2fc7
 .debug_str     0x00000000    0xc2fc7 ./Application/User/Core/main.o
                              0xc10b5 (size before relaxing)
 .debug_str     0x000c2fc7    0xc0e60 ./Application/User/Core/stm32f3xx_hal_msp.o
 .debug_str     0x000c2fc7    0xc0923 ./Application/User/Core/stm32f3xx_it.o
 .debug_str     0x000c2fc7       0x97 ./Application/User/Startup/startup_stm32f303retx.o
 .debug_str     0x000c2fc7    0xc0347 ./Drivers/CMSIS/system_stm32f3xx.o
 .debug_str     0x000c2fc7    0xc0bf0 ./Drivers/STM32F3xx_HAL_Driver/stm32f3xx_hal.o
 .debug_str     0x000c2fc7    0xc0c74 ./Drivers/STM32F3xx_HAL_Driver/stm32f3xx_hal_cortex.o
 .debug_str     0x000c2fc7    0xc074b ./Drivers/STM32F3xx_HAL_Driver/stm32f3xx_hal_dac.o
 .debug_str     0x000c2fc7    0xc0854 ./Drivers/STM32F3xx_HAL_Driver/stm32f3xx_hal_dac_ex.o
 .debug_str     0x000c2fc7    0xc052c ./Drivers/STM32F3xx_HAL_Driver/stm32f3xx_hal_gpio.o
 .debug_str     0x000c2fc7    0xc07eb ./Drivers/STM32F3xx_HAL_Driver/stm32f3xx_hal_rcc.o
 .debug_str     0x000c2fc7    0xc177e ./Drivers/STM32F3xx_HAL_Driver/stm32f3xx_hal_tim.o
 .debug_str     0x000c2fc7    0xc0fc4 ./Drivers/STM32F3xx_HAL_Driver/stm32f3xx_hal_tim_ex.o

.comment        0x00000000       0x43
 .comment       0x00000000       0x43 ./Application/User/Core/main.o
                                 0x44 (size before relaxing)
 .comment       0x00000043       0x44 ./Application/User/Core/stm32f3xx_hal_msp.o
 .comment       0x00000043       0x44 ./Application/User/Core/stm32f3xx_it.o
 .comment       0x00000043       0x44 ./Drivers/CMSIS/system_stm32f3xx.o
 .comment       0x00000043       0x44 ./Drivers/STM32F3xx_HAL_Driver/stm32f3xx_hal.o
 .comment       0x00000043       0x44 ./Drivers/STM32F3xx_HAL_Driver/stm32f3xx_hal_cortex.o
 .comment       0x00000043       0x44 ./Drivers/STM32F3xx_HAL_Driver/stm32f3xx_hal_dac.o
 .comment       0x00000043       0x44 ./Drivers/STM32F3xx_HAL_Driver/stm32f3xx_hal_dac_ex.o
 .comment       0x00000043       0x44 ./Drivers/STM32F3xx_HAL_Driver/stm32f3xx_hal_gpio.o
 .comment       0x00000043       0x44 ./Drivers/STM32F3xx_HAL_Driver/stm32f3xx_hal_rcc.o
 .comment       0x00000043       0x44 ./Drivers/STM32F3xx_HAL_Driver/stm32f3xx_hal_tim.o
 .comment       0x00000043       0x44 ./Drivers/STM32F3xx_HAL_Driver/stm32f3xx_hal_tim_ex.o

.debug_frame    0x00000000     0x2d88
 .debug_frame   0x00000000       0xf8 ./Application/User/Core/main.o
 .debug_frame   0x000000f8       0xcc ./Application/User/Core/stm32f3xx_hal_msp.o
 .debug_frame   0x000001c4      0x120 ./Application/User/Core/stm32f3xx_it.o
 .debug_frame   0x000002e4       0x58 ./Drivers/CMSIS/system_stm32f3xx.o
 .debug_frame   0x0000033c      0x334 ./Drivers/STM32F3xx_HAL_Driver/stm32f3xx_hal.o
 .debug_frame   0x00000670      0x4e8 ./Drivers/STM32F3xx_HAL_Driver/stm32f3xx_hal_cortex.o
 .debug_frame   0x00000b58      0x2d4 ./Drivers/STM32F3xx_HAL_Driver/stm32f3xx_hal_dac.o
 .debug_frame   0x00000e2c      0x310 ./Drivers/STM32F3xx_HAL_Driver/stm32f3xx_hal_dac_ex.o
 .debug_frame   0x0000113c      0x14c ./Drivers/STM32F3xx_HAL_Driver/stm32f3xx_hal_gpio.o
 .debug_frame   0x00001288      0x214 ./Drivers/STM32F3xx_HAL_Driver/stm32f3xx_hal_rcc.o
 .debug_frame   0x0000149c     0x1218 ./Drivers/STM32F3xx_HAL_Driver/stm32f3xx_hal_tim.o
 .debug_frame   0x000026b4      0x688 ./Drivers/STM32F3xx_HAL_Driver/stm32f3xx_hal_tim_ex.o
 .debug_frame   0x00002d3c       0x20 C:/ST/STM32CubeIDE_1.19.0/STM32CubeIDE/plugins/com.st.stm32cube.ide.mcu.externaltools.gnu-tools-for-stm32.13.3.rel1.win32_1.0.0.202411081344/tools/bin/../lib/gcc/arm-none-eabi/13.3.1/../../../../arm-none-eabi/lib/thumb/v7e-m+fp/hard\libc_nano.a(libc_a-memset.o)
 .debug_frame   0x00002d5c       0x2c C:/ST/STM32CubeIDE_1.19.0/STM32CubeIDE/plugins/com.st.stm32cube.ide.mcu.externaltools.gnu-tools-for-stm32.13.3.rel1.win32_1.0.0.202411081344/tools/bin/../lib/gcc/arm-none-eabi/13.3.1/../../../../arm-none-eabi/lib/thumb/v7e-m+fp/hard\libc_nano.a(libc_a-init.o)

.debug_line_str
                0x00000000       0x7b
 .debug_line_str
                0x00000000       0x7b ./Application/User/Startup/startup_stm32f303retx.o
